Resolving dependencies...
Downloading packages...
  clock 1.1.2 (1.1.3 available)
  code_assets 1.0.0 (2.0.0 available)
  hooks 1.0.3 (2.2.0 available)
  matcher 0.12.19 (0.12.20 available)
  material_color_utilities 0.13.0 (0.13.1 available)
  meta 1.18.0 (1.19.0 available)
  record_use 0.6.0 (1.1.1 available)
  stack_trace 1.12.1 (1.12.2 available)
  test_api 0.7.11 (0.7.14 available)
  vector_math 2.2.0 (2.4.2 available)
Got dependencies!
10 packages have newer versions incompatible with dependency constraints.
Try `flutter pub outdated` for more information.
Resolving dependencies in `./example`...
Downloading packages...
Got dependencies in `./example`.
00:00 +0: loading /Users/dan/Coding/sovereign/packages/flark_flutter/test/code_tools_test.dart
00:00 +0: undetected snippet 0 shows a usable Auto label
══╡ EXCEPTION CAUGHT BY FLUTTER TEST FRAMEWORK ╞════════════════════════════════════════════════════
The following TestFailure was thrown running a test:
Expected: exactly one matching candidate
  Actual: _TextWidgetFinder:<Found 0 widgets with text "Auto": []>
   Which: means none were found but one was expected

When the exception was thrown, this was the stack:
#4      main.<anonymous closure> (file:///Users/dan/Coding/sovereign/packages/flark_flutter/test/code_tools_test.dart:18:7)
<asynchronous suspension>
#5      testWidgets.<anonymous closure>.<anonymous closure> (package:flutter_test/src/widget_tester.dart:192:15)
<asynchronous suspension>
#6      TestWidgetsFlutterBinding._runTestBody (package:flutter_test/src/binding.dart:1952:5)
<asynchronous suspension>
<asynchronous suspension>
(elided one frame from package:stack_trace)

This was caught by the test expectation on the following line:
  file:///Users/dan/Coding/sovereign/packages/flark_flutter/test/code_tools_test.dart line 18
The test description was:
  undetected snippet 0 shows a usable Auto label
════════════════════════════════════════════════════════════════════════════════════════════════════
00:01 +0 -1: undetected snippet 0 shows a usable Auto label [E]
  Test failed. See exception logs above.
  The test description was: undetected snippet 0 shows a usable Auto label
  
00:01 +0 -1: undetected snippet 1 shows a usable Auto label
══╡ EXCEPTION CAUGHT BY FLUTTER TEST FRAMEWORK ╞════════════════════════════════════════════════════
The following TestFailure was thrown running a test:
Expected: exactly one matching candidate
  Actual: _TextWidgetFinder:<Found 0 widgets with text "Auto": []>
   Which: means none were found but one was expected

When the exception was thrown, this was the stack:
#4      main.<anonymous closure> (file:///Users/dan/Coding/sovereign/packages/flark_flutter/test/code_tools_test.dart:18:7)
<asynchronous suspension>
#5      testWidgets.<anonymous closure>.<anonymous closure> (package:flutter_test/src/widget_tester.dart:192:15)
<asynchronous suspension>
#6      TestWidgetsFlutterBinding._runTestBody (package:flutter_test/src/binding.dart:1952:5)
<asynchronous suspension>
<asynchronous suspension>
(elided one frame from package:stack_trace)

This was caught by the test expectation on the following line:
  file:///Users/dan/Coding/sovereign/packages/flark_flutter/test/code_tools_test.dart line 18
The test description was:
  undetected snippet 1 shows a usable Auto label
════════════════════════════════════════════════════════════════════════════════════════════════════
00:01 +0 -2: undetected snippet 1 shows a usable Auto label [E]
  Test failed. See exception logs above.
  The test description was: undetected snippet 1 shows a usable Auto label
  
00:01 +0 -2: Some tests failed.

Failing tests:
  /Users/dan/Coding/sovereign/packages/flark_flutter/test/code_tools_test.dart: undetected snippet 0 shows a usable Auto label
  /Users/dan/Coding/sovereign/packages/flark_flutter/test/code_tools_test.dart: undetected snippet 1 shows a usable Auto label
