00:00 +0: loading /Users/dan/Coding/sovereign/packages/flark_flutter/test/code_tools_test.dart
00:00 +0: choosing the current code language is an inert dismissal
══╡ EXCEPTION CAUGHT BY FLUTTER TEST FRAMEWORK ╞════════════════════════════════════════════════════
The following TestFailure was thrown running a test:
Expected: null
  Actual: 'This edit needs source mode.'

When the exception was thrown, this was the stack:
#4      main.<anonymous closure> (file:///Users/dan/Coding/sovereign/packages/flark_flutter/test/code_tools_test.dart:17:5)
<asynchronous suspension>
#5      testWidgets.<anonymous closure>.<anonymous closure> (package:flutter_test/src/widget_tester.dart:192:15)
<asynchronous suspension>
#6      TestWidgetsFlutterBinding._runTestBody (package:flutter_test/src/binding.dart:1952:5)
<asynchronous suspension>
<asynchronous suspension>
(elided one frame from package:stack_trace)

This was caught by the test expectation on the following line:
  file:///Users/dan/Coding/sovereign/packages/flark_flutter/test/code_tools_test.dart line 17
The test description was:
  choosing the current code language is an inert dismissal
════════════════════════════════════════════════════════════════════════════════════════════════════
00:01 +0 -1: choosing the current code language is an inert dismissal [E]
  Test failed. See exception logs above.
  The test description was: choosing the current code language is an inert dismissal
  
00:01 +0 -1: Some tests failed.

Failing tests:
  /Users/dan/Coding/sovereign/packages/flark_flutter/test/code_tools_test.dart: choosing the current code language is an inert dismissal
