   Compiling siphasher v1.0.3
   Compiling fastrand v2.5.0
   Compiling proc-macro2 v1.0.107
   Compiling tinyvec_macros v0.1.1
   Compiling unicode-ident v1.0.24
   Compiling quote v1.0.47
   Compiling entities v1.0.1
   Compiling jetscii v0.5.3
   Compiling serde_core v1.0.229
   Compiling tinyvec v1.12.0
   Compiling zmij v1.0.23
   Compiling phf_shared v0.13.1
   Compiling typed-arena v2.0.2
   Compiling finl_unicode v1.4.0
   Compiling serde_json v1.0.151
   Compiling phf_generator v0.13.1
   Compiling phf v0.13.1
   Compiling phf_codegen v0.13.1
   Compiling unicode-normalization v0.1.25
   Compiling smallvec v1.16.0
   Compiling serde v1.0.229
   Compiling rustc-hash v2.1.3
   Compiling comrak v0.54.0
   Compiling itoa v1.0.18
   Compiling memchr v2.8.3
   Compiling caseless v0.2.2
   Compiling syn v3.0.4
   Compiling serde_derive v1.0.229
   Compiling flark_parse v0.1.0 (/Users/dan/Coding/sovereign/native/flark_parse)
    Finished `release` profile [optimized] target(s) in 6.44s
     Running tests/conformance.rs (native/flark_parse/target/release/deps/conformance-af2a02ca702d1228)

running 2 tests
test spec_html_matches_the_fixtures_except_registered_deviations ... ok
test extraction_has_zero_deviations_and_valid_models ... ok

test result: ok. 2 passed; 0 failed; 0 ignored; 0 measured; 0 filtered out; finished in 0.01s

