Running build hooks...Running build hooks...bisect paragraph/x1               bytes=    52 :: OK 620ms
bisect heading/x1                 bytes=    22 :: OK 5ms
bisect bold/x1                    bytes=    42 :: OK 5ms
bisect emphasis/x1                bytes=    46 :: OK 5ms
bisect inline-code/x1             bytes=    41 :: OK 4ms
bisect link/x1                    bytes=    60 :: OK 6ms
bisect bullet-list/x1             bytes=    39 :: OK 5ms
bisect ordered-list/x1            bytes=    42 :: OK 5ms
bisect all-inline/x1              bytes=   101 :: OK 6ms
bisect paragraph/5KB              bytes=  5128 :: OK 12ms
bisect heading/5KB                bytes=  5134 :: OK 21ms
bisect bold/5KB                   bytes=  5146 :: OK 12ms
bisect emphasis/5KB               bytes=  5134 :: OK 11ms
bisect inline-code/5KB            bytes=  5158 :: OK 14ms
bisect link/5KB                   bytes=  5144 :: OK 9ms
bisect bullet-list/5KB            bytes=  5123 :: OK 33ms
bisect ordered-list/5KB           bytes=  5146 :: OK 33ms
bisect all-inline/5KB             bytes=  5148 :: OK 10ms
bisect mixture/1KB                bytes=  1387 :: OK 8ms
bisect mixture/2KB                bytes=  2313 :: OK 9ms
bisect mixture/5KB                bytes=  5554 :: OK 13ms
bisect mixture/10KB               bytes= 10647 :: OK 20ms
bisect mixture/25KB               bytes= 25926 :: OK 32ms
