Resolving dependencies...
Downloading packages...
  clock 1.1.2 (1.1.3 available)
  code_assets 1.0.0 (2.0.0 available)
  hooks 1.0.3 (2.2.0 available)
  matcher 0.12.19 (0.12.20 available)
  material_color_utilities 0.13.0 (0.13.1 available)
  meta 1.18.0 (1.19.0 available)
  record_use 0.6.0 (1.1.1 available)
  stack_trace 1.12.1 (1.12.2 available)
  test_api 0.7.11 (0.7.14 available)
  vector_math 2.2.0 (2.4.2 available)
Got dependencies!
10 packages have newer versions incompatible with dependency constraints.
Try `flutter pub outdated` for more information.
Resolving dependencies in `./example`...
Downloading packages...
Got dependencies in `./example`.
Analyzing flark_flutter...                                      
No issues found! (ran in 2.9s)
