Resolving dependencies...
Downloading packages...
  clock 1.1.2 (1.1.3 available)
  code_assets 1.0.0 (2.0.0 available)
  hooks 1.0.3 (2.2.0 available)
  matcher 0.12.19 (0.12.20 available)
  material_color_utilities 0.13.0 (0.13.1 available)
  meta 1.18.0 (1.19.0 available)
  platform 3.1.6 (3.2.0 available)
  record_use 0.6.0 (1.1.1 available)
  stack_trace 1.12.1 (1.12.2 available)
  test_api 0.7.11 (0.7.14 available)
  vector_math 2.2.0 (2.4.2 available)
Got dependencies!
11 packages have newer versions incompatible with dependency constraints.
Try `flutter pub outdated` for more information.

┌─ New feature ────────────────────────────────────────────────────────────────────────────┐
│   WebAssembly compilation is new. Understand the details before deploying to production. │
│   See https://flutter.dev/to/wasm for more information.                                  │
└──────────────────────────────────────────────────────────────────────────────────────────┘
Compiling lib/main.dart for the Web...                          
Expected to find fonts for (MaterialIcons, packages/cupertino_icons/CupertinoIcons), but found (MaterialIcons). This usually means you are referring to font families in an IconData class but not including them in the assets section of your pubspec.yaml, are missing the package that would include them, or are missing "uses-material-design: true".
Font asset "MaterialIcons-Regular.otf" was tree-shaken, reducing it from 1645184 to 8496 bytes (99.5% reduction). Tree-shaking can be disabled by providing the --no-tree-shake-icons flag when building your app.
Compiling lib/main.dart for the Web...                             27.5s
✓ Built build/web
